[versatile-curiosity-997527.framer.app/index.html]
[backblue.gif]
[fade.gif]
[index.html]
[framerusercontent.com/images/j5lXnL5djhR8orvNcpRh6LSncY.png]
[framerusercontent.com/images/NXjUGkhb1Qk6O8iTyi1xHE7w.png]
[cdn.botpress.cloud/webchat/v3.3/inject.js]
[versatile-curiosity-997527.framer.app/about.html]
[versatile-curiosity-997527.framer.app/contact.html]
[versatile-curiosity-997527.framer.app/sponsers.html]
[framerusercontent.com/images/QbDXMEsH2zVDb98ETmb7hxh5400073.png]
[framerusercontent.com/images/I9g5p9AAIhXUpNH3D4rfLKx4g94ad.png]
[framerusercontent.com/images/e6XpgjOOP9WDeJmT14PyFxWQb05a91.png]
[framerusercontent.com/images/pgAUvzTG8um3FokVk07YH6SaYe1ab.png]
[framerusercontent.com/images/ReDS3DzjOHKrg49ZSssH1P3y8Qc214.jpg]
[framerusercontent.com/images/TCvza1zUuDLbCqrGyH2aW0DrM5I4d73.jpg]
[framerusercontent.com/images/7jugKNDQ2uYFfKVxYSG0u4iHTQb661.jpg]
[framerusercontent.com/images/Fcf0u04ROw3mqEy4BQwDwfHBE253b.jpg]
[versatile-curiosity-997527.framer.app/index.html]
[files.bpcontent.cloud/2025/09/26/04/20250926042258-GG3EVBA7.js]
[framerusercontent.com/images/Z7d3Mt7DJOPaaANlR4diBfZCSo631b.jpg]
[framerusercontent.com/images/pckrc9vKwZ63i9MEq0SOuFv4IjE95a5.jpg]
[framerusercontent.com/images/BSjxCegHFybeQaJ5sXUhR2Oelggd6f2.png]
[framerusercontent.com/images/4pgP5p2LvawzILjQ3WUlkMpeANsb30f.png]
[framerusercontent.com/images/XI5rffdnPPzs4S2yzUEB6vqRao3e53.png]
[framerusercontent.com/images/ivbp2dgjdDKoXSmgcevYDhQFU0d2a9.png]
[versatile-curiosity-997527.framer.app/about.html]
[versatile-curiosity-997527.framer.app/contact.html]
[framerusercontent.com/images/UP5MBuAKMmwm1lH2TSmMzhDVs.png]
[framerusercontent.com/images/hhCTgvMvhY3Bw921AqhothtYY2k.png]
[framerusercontent.com/images/MpdVjcPBQi5ssk8t2M4pZ8TQDk.png]
[framerusercontent.com/images/Q74WtJuuMM5qrE7n8pkecEiFqU.png]
[versatile-curiosity-997527.framer.app/sponsers.html]
